INFO         | Android emulator version 36.1.9.0 (build_id 13823996) (CL:N/A)
INFO         | Graphics backend: gfxstream
INFO         | Found systemPath /home/gregory-dearth/Android/Sdk/system-images/android-37.2-beta3/google_apis_playstore_ps16k/x86_64/
WARNING      | Please update the emulator to one that supports the feature(s): QemuCameraSensorOrientation, VulkanVirtualQueue
INFO         | Increasing RAM size to 3072MB
INFO         | Guest GLES Driver: Auto (ext controls)
library_mode swangle_indirect gpu mode swangle_indirect
INFO         | Checking system compatibility:
INFO         |   Checking: hasSufficientDiskSpace
INFO         |      Ok: Disk space requirements to run avd: `Pixel_9_Pro_XL` are met
INFO         |   Checking: hasSufficientHwGpu
INFO         |      Ok: Hardware GPU compatibility checks are not required
INFO         |   Checking: hasSufficientSystem
INFO         |      Ok: System requirements to run avd: `Pixel_9_Pro_XL` are met
WARNING      | Failed to process .ini file /home/gregory-dearth/.android/avd/../avd/Pixel_9_Pro_XL.avd/quickbootChoice.ini for reading.
INFO         | Storing crashdata in: /tmp/android-gregory-dearth/emu-crash-36.1.9.db, detection is enabled for process: 51906
INFO         | Initializing hardware OpenGLES emulation support
I0908 13:53:21.306103   51906 opengles.cpp:291] android_startOpenglesRenderer: gpu info
I0908 13:53:21.306203   51906 opengles.cpp:292] 
INFO         | HealthMonitor disabled.
INFO         | initIcdPaths: ICD set to 'swiftshader', using Swiftshader ICD
INFO         | Setting ICD filenames for the loader = /usr/lib/android-sdk/emulator/lib64/vulkan/vk_swiftshader_icd.json
INFO         | SharedLibrary::open for [/usr/lib/android-sdk/emulator/qemu/linux-x86_64/lib64/vulkan/libvulkan.so]
INFO         | SharedLibrary::open for [/usr/lib/android-sdk/emulator/qemu/linux-x86_64/lib64/vulkan/libvulkan.so]: not found in map, open for the first time
INFO         | SharedLibrary::open for [/usr/lib/android-sdk/emulator/qemu/linux-x86_64/lib64/vulkan/libvulkan.so] (posix): begin
INFO         | SharedLibrary::open for [/usr/lib/android-sdk/emulator/qemu/linux-x86_64/lib64/vulkan/libvulkan.so] (posix,linux): call dlopen on [/usr/lib/android-sdk/emulator/qemu/linux-x86_64/lib64/vulkan/libvulkan.so]
INFO         | SharedLibrary::open for [/usr/lib/android-sdk/emulator/qemu/linux-x86_64/lib64/vulkan/libvulkan.so] failed (posix). dlerror: []
INFO         | SharedLibrary::open for [/usr/lib/android-sdk/emulator/qemu/linux-x86_64/lib64/vulkan/libvulkan.so.1]
INFO         | SharedLibrary::open for [/usr/lib/android-sdk/emulator/qemu/linux-x86_64/lib64/vulkan/libvulkan.so.1]: not found in map, open for the first time
INFO         | SharedLibrary::open for [/usr/lib/android-sdk/emulator/qemu/linux-x86_64/lib64/vulkan/libvulkan.so.1] (posix): begin
INFO         | SharedLibrary::open for [/usr/lib/android-sdk/emulator/qemu/linux-x86_64/lib64/vulkan/libvulkan.so.1] (posix,linux): call dlopen on [/usr/lib/android-sdk/emulator/qemu/linux-x86_64/lib64/vulkan/libvulkan.so.1]
INFO         | SharedLibrary::open for [/usr/lib/android-sdk/emulator/qemu/linux-x86_64/lib64/vulkan/libvulkan.so.1] failed (posix). dlerror: []
INFO         | SharedLibrary::open for [/usr/lib/android-sdk/emulator/lib64/vulkan/libvulkan.so]
INFO         | SharedLibrary::open for [/usr/lib/android-sdk/emulator/lib64/vulkan/libvulkan.so]: not found in map, open for the first time
INFO         | SharedLibrary::open for [/usr/lib/android-sdk/emulator/lib64/vulkan/libvulkan.so] (posix): begin
INFO         | SharedLibrary::open for [/usr/lib/android-sdk/emulator/lib64/vulkan/libvulkan.so] (posix,linux): call dlopen on [/usr/lib/android-sdk/emulator/lib64/vulkan/libvulkan.so]
INFO         | SharedLibrary::open succeeded for [/usr/lib/android-sdk/emulator/lib64/vulkan/libvulkan.so].
INFO         | Added library: /usr/lib/android-sdk/emulator/lib64/vulkan/libvulkan.so
INFO         | Selecting Vulkan device: SwiftShader Device (Subzero), Version: 1.3.0
INFO         | Disabling sparse binding feature support
INFO         | SharedLibrary::open for [libGLESv2.so]: not found in map, open for the first time
INFO         | SharedLibrary::open for [libGLESv2.so] (posix): begin
INFO         | SharedLibrary::open for [libGLESv2.so] (posix,linux): call dlopen on [libGLESv2.so]
INFO         | SharedLibrary::open succeeded for [libGLESv2.so].
INFO         | SharedLibrary::open for [libEGL.so]: not found in map, open for the first time
INFO         | SharedLibrary::open for [libEGL.so] (posix): begin
INFO         | SharedLibrary::open for [libEGL.so] (posix,linux): call dlopen on [libEGL.so]
INFO         | SharedLibrary::open succeeded for [libEGL.so].
INFO         | SharedLibrary::open for [libX11]
INFO         | SharedLibrary::open for [libX11]: not found in map, open for the first time
INFO         | SharedLibrary::open for [libX11] (posix): begin
INFO         | SharedLibrary::open for [libX11] (posix,linux): call dlopen on [libX11.so]
INFO         | SharedLibrary::open succeeded for [libX11].
INFO         | Initializing VkEmulation features:
INFO         |     glInteropSupported: false
INFO         |     useDeferredCommands: true
INFO         |     createResourceWithRequirements: true
INFO         |     useVulkanComposition: false
INFO         |     useVulkanNativeSwapchain: false
INFO         |     enable guestRenderDoc: false
INFO         |     ASTC LDR emulation mode: Gpu
INFO         |     enable ETC2 emulation: true
INFO         |     enable Ycbcr emulation: false
INFO         |     guestVulkanOnly: false
INFO         |     useDedicatedAllocations: false
INFO         | Graphics Adapter Vendor Google (Google Inc.)
INFO         | Graphics Adapter Android Emulator OpenGL ES Translator (Google SwiftShader)
INFO         | Graphics API Version OpenGL ES 3.0 (OpenGL ES 3.0 SwiftShader 4.0.0.1)
INFO         | Graphics API Extensions GL_OES_EGL_sync GL_OES_EGL_image GL_OES_EGL_image_external GL_OES_depth24 GL_OES_depth32 GL_OES_element_index_uint GL_OES_texture_float GL_OES_texture_float_linear GL_OES_compressed_paletted_texture GL_OES_compressed_ETC1_RGB8_texture GL_OES_depth_texture GL_OES_texture_half_float GL_OES_texture_half_float_linear GL_OES_packed_depth_stencil GL_OES_vertex_half_float GL_OES_standard_derivatives GL_OES_texture_npot GL_OES_rgb8_rgba8 GL_EXT_color_buffer_float GL_EXT_color_buffer_half_float GL_EXT_texture_format_BGRA8888 GL_APPLE_texture_format_BGRA8888 
INFO         | Graphics Device Extensions N/A
E0908 13:53:21.419668   51906 FeatureControlImpl.cpp:463] Setting read-only feature 'GLAsyncSwap' to '0'
I0908 13:53:21.419707   51906 FeatureControlImpl.cpp:374] Feature 'GLAsyncSwap' (50) is overridden to 'disabled'
INFO         | Sending adb public key [QAAAAEs1pdKdU9Ubn3jinYye4xt3UbKuj4XALLI18MwEHBPJVLt/baJFMxFTUYYU1XfJLxeHQU1NpfxqNxDaTTuv/cRDh8hHodkpWl4uebBuD70ZSb0+0TEnt5KCj44375AhyE/KMJ1XAQmFZhhij7XlOfIVd5UxrljhR2FNtPfmpvRyC2BgB2TXNgktm/nv8yDR4viDmU/WTMPPWMzSamzvMFiThkt5wlEJeHID1FZJ3MqXksfetDh/HVcpCjL0bxHc30nxX4yglU5ONThbDey2XhHVkpmYL2oGcRGZjdAYdO2zuroMnvevxHIf80fLOJDfupM/EyKeBymxZpI4FSN1DJ8Vdujsrby+SEEZsJe2XK+W4VXonBfRULN15BMoCGEfDZRCiFo0lkyeqdHt8vZKwMlC9K0Vd7BZIsbKuptHy/d57qEiN0m/ITouQ8y3eOAIXtcnLaW0mU59TYc559e74awnXxeWa0hQ0tOwc3GqTEa7rHj3GRViJb5wQy+/ogbXRElJVY3Ufpx8S4uybjWbg8rkC1hAYKF517NL7cD60XWEexPtOpW4kVDXKsq0vYjQQZKz4eWzySHbTINvvMOORzigexmsRFuL6LINnAU1RTIO3XBxWcE66YL80WsRpxkNwuJDsHkyE5vS1A1BXWKESyNYorzbroheopMQ8dKA3/snZCh1mAEAAQA= gregory-dearth@unknown]
I0908 13:53:21.420677   51906 userspace-boot-properties.cpp:766] Userspace boot properties:
I0908 13:53:21.420685   51906 userspace-boot-properties.cpp:770]   androidboot.boot_devices=pci0000:00/0000:00:03.0 pci0000:00/0000:00:06.0
I0908 13:53:21.420691   51906 userspace-boot-properties.cpp:770]   androidboot.dalvik.vm.heapsize=576m
I0908 13:53:21.420695   51906 userspace-boot-properties.cpp:770]   androidboot.debug.hwui.renderer=skiagl
I0908 13:53:21.420698   51906 userspace-boot-properties.cpp:770]   androidboot.hardware=ranchu
I0908 13:53:21.420702   51906 userspace-boot-properties.cpp:770]   androidboot.hardware.gltransport=pipe
I0908 13:53:21.420705   51906 userspace-boot-properties.cpp:770]   androidboot.hardware.vulkan=ranchu
I0908 13:53:21.420719   51906 userspace-boot-properties.cpp:770]   androidboot.logcat=*:V
I0908 13:53:21.420722   51906 userspace-boot-properties.cpp:770]   androidboot.opengles.version=196608
I0908 13:53:21.420725   51906 userspace-boot-properties.cpp:770]   androidboot.qemu=1
I0908 13:53:21.420731   51906 userspace-boot-properties.cpp:770]   androidboot.qemu.adb.pubkey=QAAAAEs1pdKdU9Ubn3jinYye4xt3UbKuj4XALLI18MwEHBPJVLt/baJFMxFTUYYU1XfJLxeHQU1NpfxqNxDaTTuv/cRDh8hHodkpWl4uebBuD70ZSb0+0TEnt5KCj44375AhyE/KMJ1XAQmFZhhij7XlOfIVd5UxrljhR2FNtPfmpvRyC2BgB2TXNgktm/nv8yDR4viDmU/WTMPPWMzSamzvMFiThkt5wlEJeHID1FZJ3MqXksfetDh/HVcpCjL0bxHc30nxX4yglU5ONThbDey2XhHVkpmYL2oGcRGZjdAYdO2zuroMnvevxHIf80fLOJDfupM/EyKeBymxZpI4FSN1DJ8Vdujsrby+SEEZsJe2XK+W4VXonBfRULN15BMoCGEfDZRCiFo0lkyeqdHt8vZKwMlC9K0Vd7BZIsbKuptHy/d57qEiN0m/ITouQ8y3eOAIXtcnLaW0mU59TYc559e74awnXxeWa0hQ0tOwc3GqTEa7rHj3GRViJb5wQy+/ogbXRElJVY3Ufpx8S4uybjWbg8rkC1hAYKF517NL7cD60XWEexPtOpW4kVDXKsq0vYjQQZKz4eWzySHbTINvvMOORzigexmsRFuL6LINnAU1RTIO3XBxWcE66YL80WsRpxkNwuJDsHkyE5vS1A1BXWKESyNYorzbroheopMQ8dKA3/snZCh1mAEAAQA= gregory-dearth@unknown
I0908 13:53:21.420747   51906 userspace-boot-properties.cpp:770]   androidboot.qemu.avd_name=Pixel_9_Pro_XL
I0908 13:53:21.420750   51906 userspace-boot-properties.cpp:770]   androidboot.qemu.camera_hq_edge_processing=0
I0908 13:53:21.420753   51906 userspace-boot-properties.cpp:770]   androidboot.qemu.camera_protocol_ver=1
I0908 13:53:21.420757   51906 userspace-boot-properties.cpp:770]   androidboot.qemu.cpuvulkan.version=4202496
I0908 13:53:21.420760   51906 userspace-boot-properties.cpp:770]   androidboot.qemu.gltransport.drawFlushInterval=800
I0908 13:53:21.420763   51906 userspace-boot-properties.cpp:770]   androidboot.qemu.gltransport.name=pipe
I0908 13:53:21.420767   51906 userspace-boot-properties.cpp:770]   androidboot.qemu.hwcodec.avcdec=2
I0908 13:53:21.420770   51906 userspace-boot-properties.cpp:770]   androidboot.qemu.hwcodec.hevcdec=2
I0908 13:53:21.420773   51906 userspace-boot-properties.cpp:770]   androidboot.qemu.hwcodec.vpxdec=2
I0908 13:53:21.420776   51906 userspace-boot-properties.cpp:770]   androidboot.qemu.settings.system.screen_off_timeout=2147483647
I0908 13:53:21.420781   51906 userspace-boot-properties.cpp:770]   androidboot.qemu.virtiowifi=1
I0908 13:53:21.420784   51906 userspace-boot-properties.cpp:770]   androidboot.qemu.vsync=60
I0908 13:53:21.420787   51906 userspace-boot-properties.cpp:770]   androidboot.serialno=EMULATOR36X1X9X0
I0908 13:53:21.420790   51906 userspace-boot-properties.cpp:770]   androidboot.vbmeta.digest=f424461a0a397fda72fd179bc94e871022314ef1502d4ea1133175a87b4746ed
I0908 13:53:21.420795   51906 userspace-boot-properties.cpp:770]   androidboot.vbmeta.hash_alg=sha256
I0908 13:53:21.420798   51906 userspace-boot-properties.cpp:770]   androidboot.vbmeta.size=6720
I0908 13:53:21.420801   51906 userspace-boot-properties.cpp:770]   androidboot.veritymode=enforcing
INFO         | Monitoring duration of emulator setup.
WARNING      | The emulator now requires a signed jwt token for gRPC access! Use the -grpc flag if you really want an open unprotected grpc port
INFO         | Using security allow list from: /usr/lib/android-sdk/emulator/lib/emulator_access.json
WARNING      | *** Basic token auth should only be used by android-studio ***
INFO         | The active JSON Web Key Sets can be found here: /run/user/1000/avd/running/51906/jwks/513d09f3-7181-4467-a17e-1c0af7f9d6fd/active.jwk
INFO         | Scanning /run/user/1000/avd/running/51906/jwks/513d09f3-7181-4467-a17e-1c0af7f9d6fd for jwk keys.
INFO         | Started GRPC server at 127.0.0.1:8554, security: Local, auth: +token
INFO         | Advertising in: /run/user/1000/avd/running/pid_51906.ini
INFO         | Setting display: 0 configuration to: 1344x2992, dpi: 480x480 
INFO         | setDisplayActiveConfig 0
INFO         | Loading snapshot 'default_boot'...
WARNING      | Error -1 from the snapshot callback

WARNING      | Failed to load snapshot 'default_boot'
USER_INFO    | The emulator is starting from scratch. Reason: incompatible snapshot version
INFO         | Activated packet streamer for uwb emulation
INFO         | Activated packet streamer for bluetooth emulation
INFO         | Wait for emulator (pid 51906) 20 seconds to shutdown gracefully before kill;you can set environment variable ANDROID_EMULATOR_WAIT_TIME_BEFORE_KILL(in seconds) to change the default value (20 seconds)

INFO         | Saving with gfxstream=1
INFO         | Saving snapshot 'default_boot' using 580 ms
ERROR        | stop: Not implemented
